
[][][][][][][][][][][][][][][][][][][][][][][][][][][][][][]
[]
[]                  PROGRAM TESTE: smallest-b-2-008
[]----------------------------------------------------------
[]   SOURCE FILE: smallest
[]
[]   TOTAL MUTANTS: 682
[]
[]   ANOMALOUS MUTANTS: 0
[]
[]   ACTIVE MUTANTS: 682
[]
[]   ALIVE MUTANTS: 682
[]
[]   EQUIVALENT MUTANTS: 0
[]
[]   MUTATION SCORE: 0.000000
[]
[]   OPERATORS:
[]   u-Ccsr             22    u-CRCR            110    u-OCNG              3    
[]   u-OLAN             30    u-OLBN             18    u-OLLN              6    
[]   u-OLNG             18    u-OLRN             36    u-OLSN             12    
[]   u-OODL             30    u-ORAN             45    u-ORBN             27    
[]   u-ORLN             18    u-ORRN             45    u-ORSN             18    
[]   u-SRSR             10    u-SSDL             11    u-STRI              6    
[]   u-STRP             11    u-VDTR             66    u-VLSR             78    
[]   u-VTWD             44    u-VVDL             18    
[]
[][][][][][][][][][][][][][][][][][][][][][][][][][][][][][]