
[][][][][][][][][][][][][][][][][][][][][][][][][][][][][][]
[]
[]                  PROGRAM TESTE: gcd-andre
[]----------------------------------------------------------
[]   SOURCE FILE: gcd
[]
[]   TOTAL MUTANTS: 349
[]
[]   ANOMALOUS MUTANTS: 0
[]
[]   ACTIVE MUTANTS: 349
[]
[]   ALIVE MUTANTS: 349
[]
[]   EQUIVALENT MUTANTS: 0
[]
[]   MUTATION SCORE: 0.000000
[]
[]   OPERATORS:
[]   u-Cccr             10    u-CCDL              2    u-CRCR             70    
[]   u-OAAN              6    u-OALN              4    u-OARN             12    
[]   u-OCNG              3    u-OEAA             16    u-OODL             10    
[]   u-ORAN             12    u-ORLN              6    u-ORRN             15    
[]   u-SMTC              1    u-SMTT              1    u-SMVB              1    
[]   u-SRSR             15    u-SSDL             16    u-STRI              4    
[]   u-STRP             16    u-SWDD              1    u-VDTR             30    
[]   u-VLSR             70    u-VTWD             20    u-VVDL              8    
[]
[][][][][][][][][][][][][][][][][][][][][][][][][][][][][][]