
[][][][][][][][][][][][][][][][][][][][][][][][][][][][][][]
[]
[]                  PROGRAM TESTE: digits-b-1-000
[]----------------------------------------------------------
[]   SOURCE FILE: digits
[]
[]   TOTAL MUTANTS: 606
[]
[]   ANOMALOUS MUTANTS: 0
[]
[]   ACTIVE MUTANTS: 606
[]
[]   ALIVE MUTANTS: 606
[]
[]   EQUIVALENT MUTANTS: 0
[]
[]   MUTATION SCORE: 0.000000
[]
[]   OPERATORS:
[]   u-Cccr             18    u-CCDL              5    u-Ccsr             42    
[]   u-CRCR             76    u-OAAN              4    u-OABN              3    
[]   u-OALN              2    u-OARN              6    u-OASN              2    
[]   u-OCNG              5    u-OEAA             30    u-OEBA             18    
[]   u-OESA             12    u-Oido              2    u-OLAN              5    
[]   u-OLBN              3    u-OLLN              1    u-OLNG              3    
[]   u-OLRN              6    u-OLSN              2    u-OODL             16    
[]   u-ORAN             30    u-ORBN             18    u-ORLN             12    
[]   u-ORRN             30    u-ORSN             12    u-SBRC              1    
[]   u-SMTC              2    u-SMTT              2    u-SMVB              2    
[]   u-SRSR             22    u-SSDL             25    u-STRI              6    
[]   u-STRP             25    u-VDTR             48    u-VLSR             69    
[]   u-VTWD             32    u-VVDL              9    
[]
[][][][][][][][][][][][][][][][][][][][][][][][][][][][][][]