
[][][][][][][][][][][][][][][][][][][][][][][][][][][][][][]
[]
[]                  PROGRAM TESTE: median-w-2-002
[]----------------------------------------------------------
[]   SOURCE FILE: median
[]
[]   TOTAL MUTANTS: 860
[]
[]   ANOMALOUS MUTANTS: 0
[]
[]   ACTIVE MUTANTS: 860
[]
[]   ALIVE MUTANTS: 64
[]
[]   EQUIVALENT MUTANTS: 0
[]
[]   MUTATION SCORE: 0.925581
[]
[]   OPERATORS:
[]   u-Ccsr             27    u-CRCR            135    u-OCNG              3    
[]   u-OLAN             45    u-OLBN             27    u-OLLN              9    
[]   u-OLNG             27    u-OLRN             54    u-OLSN             18    
[]   u-OODL             42    u-ORAN             60    u-ORBN             36    
[]   u-ORLN             24    u-ORRN             60    u-ORSN             24    
[]   u-SRSR             12    u-SSDL             16    u-STRI              6    
[]   u-STRP             16    u-VDTR             81    u-VLSR             60    
[]   u-VTWD             54    u-VVDL             24    
[]
[][][][][][][][][][][][][][][][][][][][][][][][][][][][][][]

Teste Case # 1
	Number of Not Executed Mutants: 0
	Number of Alive Mutants: 57
	Number of Mutants Dead by Stdout: 711
	Number of Mutants Dead by Retcode : 22
	Number of Mutants Dead by Timeout: 0
	Number of Mutants Dead by Trap: 25
	Number of Mutants Avoided: 45
	Number of Dead Mutants: 758
	Enabled
	CPU Execution Time (1/100 sec.): 10
	Total Execution Time (1/100 sec.): 10
	Retorn Code: 0
	Parameters: 2 0 1 
	Input:

	Output:
Please enter 3 numbers separated by spaces > 
	Stderr:

_________________________________________________


Teste Case # 2
	Number of Not Executed Mutants: 0
	Number of Alive Mutants: 65
	Number of Mutants Dead by Stdout: 710
	Number of Mutants Dead by Retcode : 19
	Number of Mutants Dead by Timeout: 0
	Number of Mutants Dead by Trap: 21
	Number of Mutants Avoided: 45
	Number of Dead Mutants: 750
	Enabled
	CPU Execution Time (1/100 sec.): 10
	Total Execution Time (1/100 sec.): 11
	Retorn Code: 0
	Parameters: 0 2 1 
	Input:

	Output:
Please enter 3 numbers separated by spaces > 
	Stderr:

_________________________________________________


Teste Case # 3
	Number of Not Executed Mutants: 0
	Number of Alive Mutants: 67
	Number of Mutants Dead by Stdout: 708
	Number of Mutants Dead by Retcode : 17
	Number of Mutants Dead by Timeout: 0
	Number of Mutants Dead by Trap: 23
	Number of Mutants Avoided: 45
	Number of Dead Mutants: 748
	Enabled
	CPU Execution Time (1/100 sec.): 10
	Total Execution Time (1/100 sec.): 10
	Retorn Code: 0
	Parameters: 0 2 3 
	Input:

	Output:
Please enter 3 numbers separated by spaces > 
	Stderr:

_________________________________________________
