
[][][][][][][][][][][][][][][][][][][][][][][][][][][][][][]
[]
[]                  PROGRAM TESTE: syllables-b-1-000
[]----------------------------------------------------------
[]   SOURCE FILE: syllables
[]
[]   TOTAL MUTANTS: 527
[]
[]   ANOMALOUS MUTANTS: 0
[]
[]   ACTIVE MUTANTS: 527
[]
[]   ALIVE MUTANTS: 264
[]
[]   EQUIVALENT MUTANTS: 0
[]
[]   MUTATION SCORE: 0.499051
[]
[]   OPERATORS:
[]   u-Ccsr             18    u-CRCR             90    u-OCNG              2    
[]   u-OEAA             10    u-OEBA              6    u-OESA              4    
[]   u-Oido              2    u-OLAN             20    u-OLBN             12    
[]   u-OLLN              4    u-OLNG             12    u-OLRN             24    
[]   u-OLSN              8    u-OODL             20    u-ORAN             30    
[]   u-ORBN             18    u-ORLN             12    u-ORRN             30    
[]   u-ORSN             12    u-SMTC              1    u-SMTT              1    
[]   u-SMVB              1    u-SRSR             10    u-SSDL             11    
[]   u-STRI              2    u-STRP             11    u-VDTR             54    
[]   u-VLSR             54    u-VTWD             36    u-VVDL             12    
[]
[][][][][][][][][][][][][][][][][][][][][][][][][][][][][][]

Teste Case # 1
	Number of Not Executed Mutants: 0
	Number of Alive Mutants: 297
	Number of Mutants Dead by Stdout: 159
	Number of Mutants Dead by Retcode : 29
	Number of Mutants Dead by Timeout: 1
	Number of Mutants Dead by Trap: 36
	Number of Mutants Avoided: 5
	Number of Dead Mutants: 225
	Enabled
	CPU Execution Time (1/100 sec.): 10
	Total Execution Time (1/100 sec.): 10
	Retorn Code: 0
	Parameters: 1 1 1 1 
	Input:

	Output:
Please enter a string > The number of syllables is 0.

	Stderr:

_________________________________________________


Teste Case # 2
	Number of Not Executed Mutants: 0
	Number of Alive Mutants: 286
	Number of Mutants Dead by Stdout: 165
	Number of Mutants Dead by Retcode : 31
	Number of Mutants Dead by Timeout: 2
	Number of Mutants Dead by Trap: 38
	Number of Mutants Avoided: 5
	Number of Dead Mutants: 236
	Enabled
	CPU Execution Time (1/100 sec.): 10
	Total Execution Time (1/100 sec.): 11
	Retorn Code: 0
	Parameters: 2 2 2 3 
	Input:

	Output:
Please enter a string > The number of syllables is 0.

	Stderr:

_________________________________________________
